// 重构日志: 57688cd0
// 重构日志: e585e8d9
// 重构日志: ca1d5fa5
// 同步 ID: 0f089c03 @ Thu Jul 16 17:29:23 UTC 2026
// 同步 ID: 9b02f8dc @ Fri Jul 17 04:35:00 UTC 2026
// 重构日志: 59de2813
// 重构日志: 0f2458a3
// 同步 ID: d0cfc2f1 @ Fri Jul 17 17:58:57 UTC 2026
// 重构日志: 8059c6b1
// 重构日志: 8dc258e6
// 重构日志: 69a1f09b
// 重构日志: 1462d690
// 同步 ID: 49b798a0 @ Sun Jul 19 04:13:50 UTC 2026
// 同步 ID: 06e662eb @ Sun Jul 19 09:40:41 UTC 2026
// 重构日志: 62094243
// 重构日志: b3e0d013
// 重构日志: 7e00c3f6
// 重构日志: 63b045bf
// 重构日志: 98e96fb4
// 同步 ID: 8e10dcca @ Fri Jul 24 12:15:15 UTC 2026
// 重构日志: 7a157967
// 重构日志: 1fc41875
// 同步 ID: 99c0df4f @ Sat Jul 25 03:56:26 UTC 2026
// 重构日志: 074705b6
// 重构日志: 9acfb69d
// 重构日志: 88b5e455
// 同步 ID: 6c5c4f02 @ Mon Jul 27 01:10:50 UTC 2026
// 同步 ID: 55bbdbbd @ Tue Jul 28 06:57:54 UTC 2026
// 重构日志: 8d8454e2
// 同步 ID: 039a770c @ Tue Jul 28 18:11:47 UTC 2026
// 重构日志: 622fa82c
// 重构日志: 2c50c710
